// Jest Snapshot v1, https://goo.gl/fbAQLP

exports[`render correctly 1`] = `
<div
  className="calc-container"
>
  <h3>
    Lets do some Math!
  </h3>
  <div
    className="calculator"
  >
    <div
      className="result"
    >
      0
    </div>
    <div
      className="buttons"
    >
      <button
        onClick={[Function]}
        type="button"
      >
        AC
      </button>
      <button
        onClick={[Function]}
        type="button"
      >
        +/-
      </button>
      <button
        onClick={[Function]}
        type="button"
      >
        %
      </button>
      <button
        onClick={[Function]}
        type="button"
      >
        รท
      </button>
      <button
        onClick={[Function]}
        type="button"
      >
        7
      </button>
      <button
        onClick={[Function]}
        type="button"
      >
        8
      </button>
      <button
        onClick={[Function]}
        type="button"
      >
        9
      </button>
      <button
        onClick={[Function]}
        type="button"
      >
        x
      </button>
      <button
        onClick={[Function]}
        type="button"
      >
        4
      </button>
      <button
        onClick={[Function]}
        type="button"
      >
        5
      </button>
      <button
        onClick={[Function]}
        type="button"
      >
        6
      </button>
      <button
        onClick={[Function]}
        type="button"
      >
        -
      </button>
      <button
        onClick={[Function]}
        type="button"
      >
        1
      </button>
      <button
        onClick={[Function]}
        type="button"
      >
        2
      </button>
      <button
        onClick={[Function]}
        type="button"
      >
        3
      </button>
      <button
        onClick={[Function]}
        type="button"
      >
        +
      </button>
      <button
        onClick={[Function]}
        type="button"
      >
        0
      </button>
      <button
        onClick={[Function]}
        type="button"
      >
        .
      </button>
      <button
        onClick={[Function]}
        type="button"
      >
         =
      </button>
    </div>
  </div>
</div>
`;

exports[`renders correctly 1`] = `
Array [
  " ",
  <header
    className="header"
  >
    <a
      href="/"
      onClick={[Function]}
    >
      <h1>
        Math Magicians
      </h1>
    </a>
    <nav
      className="navigation"
    >
      <a
        href="/"
        onClick={[Function]}
      >
        Home
      </a>
      <a
        href="/calculator"
        onClick={[Function]}
      >
        Calculator
      </a>
      <a
        href="/quote"
        onClick={[Function]}
      >
        Quote
      </a>
    </nav>
  </header>,
  " ",
]
`;
