// Jest Snapshot v1, https://goo.gl/fbAQLP

exports[`render correctly 1`] = `
<div
  className="nopage"
>
  <h2>
    404 page not found
  </h2>
  <h3>
    Please check your link :)
  </h3>
</div>
`;
